14:58:05 **** Incremental Build of configuration Debug for project Domaci ****
make -j12 all 
arm-none-eabi-gcc "../Core/Src/main.c" -mcpu=cortex-m3 -std=gnu11 -g3 -DDEBUG -DUSE_HAL_DRIVER -DSTM32F103x6 -c -I../Core/Inc -I../Drivers/STM32F1xx_HAL_Driver/Inc/Legacy -I../Drivers/STM32F1xx_HAL_Driver/Inc -I../Drivers/CMSIS/Device/ST/STM32F1xx/Include -I../Drivers/CMSIS/Include -O0 -ffunction-sections -fdata-sections -Wall -fstack-usage -fcyclomatic-complexity -MMD -MP -MF"Core/Src/main.d" -MT"Core/Src/main.o" --specs=nano.specs -mfloat-abi=soft -mthumb -o "Core/Src/main.o"
arm-none-eabi-gcc -o "Domaci.elf" @"objects.list"   -mcpu=cortex-m3 -T"E:\Proteus\DomaciMIPS\Domaci\STM32F103C6TX_FLASH.ld" --specs=nosys.specs -Wl,-Map="Domaci.map" -Wl,--gc-sections -static --specs=nano.specs -mfloat-abi=soft -mthumb -Wl,--start-group -lc -lm -Wl,--end-group
Finished building target: Domaci.elf
 
arm-none-eabi-size   Domaci.elf 
arm-none-eabi-objdump -h -S  Domaci.elf  > "Domaci.list"
arm-none-eabi-objcopy  -O ihex  Domaci.elf  "Domaci.hex"
   text	   data	    bss	    dec	    hex	filename
   4608	     20	   1572	   6200	   1838	Domaci.elf
arm-none-eabi-objcopy  -O binary  Domaci.elf  "Domaci.bin"
Finished building: default.size.stdout
 
Finished building: Domaci.hex
Finished building: Domaci.bin
Finished building: Domaci.list
 
 
 

14:58:06 Build Finished. 0 errors, 0 warnings. (took 786ms)

